// Jest Snapshot v1, https://goo.gl/fbAQLP

exports[`Accordion component Accordion snapshot 1`] = `
Object {
  "asFragment": [Function],
  "baseElement": <body>
    <div>
      <div
        class="Accordion"
      >
        <div
          class="MuiPaper-root MuiPaper-elevation MuiPaper-rounded MuiPaper-elevation1 MuiAccordion-root MuiAccordion-rounded MuiAccordion-gutters css-1elwnq4-MuiPaper-root-MuiAccordion-root"
        >
          <div
            aria-expanded="false"
            class="MuiButtonBase-root MuiAccordionSummary-root MuiAccordionSummary-gutters css-sh22l5-MuiButtonBase-root-MuiAccordionSummary-root"
            role="button"
            tabindex="0"
          >
            <div
              class="MuiAccordionSummary-content MuiAccordionSummary-contentGutters css-o4b71y-MuiAccordionSummary-content"
            >
              <p
                class="MuiTypography-root MuiTypography-body1 css-1m4ljmh-MuiTypography-root"
              >
                title 1
              </p>
            </div>
            <div
              class="MuiAccordionSummary-expandIconWrapper css-yw020d-MuiAccordionSummary-expandIconWrapper"
            >
              <svg
                aria-hidden="true"
                class="MuiSvgIcon-root MuiSvgIcon-fontSizeMedium css-i4bv87-MuiSvgIcon-root"
                data-testid="ExpandMoreIcon"
                focusable="false"
                viewBox="0 0 24 24"
              >
                <path
                  d="M16.59 8.59 12 13.17 7.41 8.59 6 10l6 6 6-6z"
                />
              </svg>
            </div>
          </div>
          <div
            class="MuiCollapse-root MuiCollapse-vertical MuiCollapse-hidden css-bz4dnt-MuiCollapse-root"
            style="min-height: 0px;"
          >
            <div
              class="MuiCollapse-wrapper MuiCollapse-vertical css-smkl36-MuiCollapse-wrapper"
            >
              <div
                class="MuiCollapse-wrapperInner MuiCollapse-vertical css-9l5vo-MuiCollapse-wrapperInner"
              >
                <div
                  class="MuiAccordion-region"
                  role="region"
                >
                  <div
                    class="MuiAccordionDetails-root css-15v22id-MuiAccordionDetails-root"
                  >
                    <p
                      class="MuiTypography-root MuiTypography-body1 css-ahj2mt-MuiTypography-root"
                    >
                      Lorem Ipsum is simply dummy text of the printing and typesetting industry.
                    </p>
                  </div>
                </div>
              </div>
            </div>
          </div>
        </div>
      </div>
    </div>
  </body>,
  "container": <div>
    <div
      class="Accordion"
    >
      <div
        class="MuiPaper-root MuiPaper-elevation MuiPaper-rounded MuiPaper-elevation1 MuiAccordion-root MuiAccordion-rounded MuiAccordion-gutters css-1elwnq4-MuiPaper-root-MuiAccordion-root"
      >
        <div
          aria-expanded="false"
          class="MuiButtonBase-root MuiAccordionSummary-root MuiAccordionSummary-gutters css-sh22l5-MuiButtonBase-root-MuiAccordionSummary-root"
          role="button"
          tabindex="0"
        >
          <div
            class="MuiAccordionSummary-content MuiAccordionSummary-contentGutters css-o4b71y-MuiAccordionSummary-content"
          >
            <p
              class="MuiTypography-root MuiTypography-body1 css-1m4ljmh-MuiTypography-root"
            >
              title 1
            </p>
          </div>
          <div
            class="MuiAccordionSummary-expandIconWrapper css-yw020d-MuiAccordionSummary-expandIconWrapper"
          >
            <svg
              aria-hidden="true"
              class="MuiSvgIcon-root MuiSvgIcon-fontSizeMedium css-i4bv87-MuiSvgIcon-root"
              data-testid="ExpandMoreIcon"
              focusable="false"
              viewBox="0 0 24 24"
            >
              <path
                d="M16.59 8.59 12 13.17 7.41 8.59 6 10l6 6 6-6z"
              />
            </svg>
          </div>
        </div>
        <div
          class="MuiCollapse-root MuiCollapse-vertical MuiCollapse-hidden css-bz4dnt-MuiCollapse-root"
          style="min-height: 0px;"
        >
          <div
            class="MuiCollapse-wrapper MuiCollapse-vertical css-smkl36-MuiCollapse-wrapper"
          >
            <div
              class="MuiCollapse-wrapperInner MuiCollapse-vertical css-9l5vo-MuiCollapse-wrapperInner"
            >
              <div
                class="MuiAccordion-region"
                role="region"
              >
                <div
                  class="MuiAccordionDetails-root css-15v22id-MuiAccordionDetails-root"
                >
                  <p
                    class="MuiTypography-root MuiTypography-body1 css-ahj2mt-MuiTypography-root"
                  >
                    Lorem Ipsum is simply dummy text of the printing and typesetting industry.
                  </p>
                </div>
              </div>
            </div>
          </div>
        </div>
      </div>
    </div>
  </div>,
  "debug": [Function],
  "findAllByAltText": [Function],
  "findAllByDisplayValue": [Function],
  "findAllByLabelText": [Function],
  "findAllByPlaceholderText": [Function],
  "findAllByRole": [Function],
  "findAllByTestId": [Function],
  "findAllByText": [Function],
  "findAllByTitle": [Function],
  "findByAltText": [Function],
  "findByDisplayValue": [Function],
  "findByLabelText": [Function],
  "findByPlaceholderText": [Function],
  "findByRole": [Function],
  "findByTestId": [Function],
  "findByText": [Function],
  "findByTitle": [Function],
  "getAllByAltText": [Function],
  "getAllByDisplayValue": [Function],
  "getAllByLabelText": [Function],
  "getAllByPlaceholderText": [Function],
  "getAllByRole": [Function],
  "getAllByTestId": [Function],
  "getAllByText": [Function],
  "getAllByTitle": [Function],
  "getByAltText": [Function],
  "getByDisplayValue": [Function],
  "getByLabelText": [Function],
  "getByPlaceholderText": [Function],
  "getByRole": [Function],
  "getByTestId": [Function],
  "getByText": [Function],
  "getByTitle": [Function],
  "queryAllByAltText": [Function],
  "queryAllByDisplayValue": [Function],
  "queryAllByLabelText": [Function],
  "queryAllByPlaceholderText": [Function],
  "queryAllByRole": [Function],
  "queryAllByTestId": [Function],
  "queryAllByText": [Function],
  "queryAllByTitle": [Function],
  "queryByAltText": [Function],
  "queryByDisplayValue": [Function],
  "queryByLabelText": [Function],
  "queryByPlaceholderText": [Function],
  "queryByRole": [Function],
  "queryByTestId": [Function],
  "queryByText": [Function],
  "queryByTitle": [Function],
  "rerender": [Function],
  "unmount": [Function],
}
`;
